// Jest Snapshot v1, https://goo.gl/fbAQLP

exports[`Storyshots Scroll with behavior instant 1`] = `
<div
  style={
    Object {
      "overflow": "scroll",
    }
  }
>
  <div>
    <p>
      Text Text Text 
      0
    </p>
  </div>
  <div>
    <p>
      Text Text Text 
      1
    </p>
  </div>
  <div>
    <p>
      Text Text Text 
      2
    </p>
  </div>
  <div>
    <p>
      Text Text Text 
      3
    </p>
  </div>
  <div>
    <p>
      Text Text Text 
      4
    </p>
  </div>
  <div>
    <p>
      Text Text Text 
      5
    </p>
  </div>
  <div>
    <p>
      Text Text Text 
      6
    </p>
  </div>
  <div>
    <p>
      Text Text Text 
      7
    </p>
  </div>
  <div>
    <p>
      Text Text Text 
      8
    </p>
  </div>
  <div>
    <p>
      Text Text Text 
      9
    </p>
  </div>
  <div>
    <p>
      Text Text Text 
      10
    </p>
  </div>
  <div>
    <p>
      Text Text Text 
      11
    </p>
  </div>
  <div>
    <p>
      Text Text Text 
      12
    </p>
  </div>
  <div>
    <p>
      Text Text Text 
      13
    </p>
  </div>
  <div>
    <p>
      Text Text Text 
      14
    </p>
  </div>
  <div>
    <p>
      Text Text Text 
      15
    </p>
  </div>
  <div>
    <p>
      Text Text Text 
      16
    </p>
  </div>
  <div>
    <p>
      Text Text Text 
      17
    </p>
  </div>
  <div>
    <p>
      Text Text Text 
      18
    </p>
  </div>
  <div>
    <p>
      Text Text Text 
      19
    </p>
  </div>
  <div>
    <p>
      Text Text Text 
      20
    </p>
  </div>
  <div>
    <p>
      Text Text Text 
      21
    </p>
  </div>
  <div>
    <p>
      Text Text Text 
      22
    </p>
  </div>
  <div>
    <p>
      Text Text Text 
      23
    </p>
  </div>
  <div>
    <p>
      Text Text Text 
      24
    </p>
  </div>
  <div>
    <p>
      Text Text Text 
      25
    </p>
  </div>
  <div>
    <p>
      Text Text Text 
      26
    </p>
  </div>
  <div>
    <p>
      Text Text Text 
      27
    </p>
  </div>
  <div>
    <p>
      Text Text Text 
      28
    </p>
  </div>
  <div>
    <p>
      Text Text Text 
      29
    </p>
  </div>
  <div>
    <p>
      Text Text Text 
      30
    </p>
  </div>
  <div>
    <p>
      Text Text Text 
      31
    </p>
  </div>
  <div>
    <p>
      Text Text Text 
      32
    </p>
  </div>
  <div>
    <p>
      Text Text Text 
      33
    </p>
  </div>
  <div>
    <p>
      Text Text Text 
      34
    </p>
  </div>
  <div>
    <p>
      Text Text Text 
      35
    </p>
  </div>
  <div>
    <p>
      Text Text Text 
      36
    </p>
  </div>
  <div>
    <p>
      Text Text Text 
      37
    </p>
  </div>
  <div>
    <p>
      Text Text Text 
      38
    </p>
  </div>
  <div>
    <p>
      Text Text Text 
      39
    </p>
  </div>
  <div>
    <p>
      Text Text Text 
      40
    </p>
  </div>
  <div>
    <p>
      Text Text Text 
      41
    </p>
  </div>
  <div>
    <p>
      Text Text Text 
      42
    </p>
  </div>
  <div>
    <p>
      Text Text Text 
      43
    </p>
  </div>
  <div>
    <p>
      Text Text Text 
      44
    </p>
  </div>
  <div>
    <p>
      Text Text Text 
      45
    </p>
  </div>
  <div>
    <p>
      Text Text Text 
      46
    </p>
  </div>
  <div>
    <p>
      Text Text Text 
      47
    </p>
  </div>
  <div>
    <p>
      Text Text Text 
      48
    </p>
  </div>
  <div>
    <p>
      Text Text Text 
      49
    </p>
  </div>
  <div>
    <p>
      Text Text Text 
      50
    </p>
  </div>
  <div>
    <p>
      Text Text Text 
      51
    </p>
  </div>
  <div>
    <p>
      Text Text Text 
      52
    </p>
  </div>
  <div>
    <p>
      Text Text Text 
      53
    </p>
  </div>
  <div>
    <p>
      Text Text Text 
      54
    </p>
  </div>
  <div>
    <p>
      Text Text Text 
      55
    </p>
  </div>
  <div>
    <p>
      Text Text Text 
      56
    </p>
  </div>
  <div>
    <p>
      Text Text Text 
      57
    </p>
  </div>
  <div>
    <p>
      Text Text Text 
      58
    </p>
  </div>
  <div>
    <p>
      Text Text Text 
      59
    </p>
  </div>
  <div>
    <p>
      Text Text Text 
      60
    </p>
  </div>
  <div>
    <p>
      Text Text Text 
      61
    </p>
  </div>
  <div>
    <p>
      Text Text Text 
      62
    </p>
  </div>
  <div>
    <p>
      Text Text Text 
      63
    </p>
  </div>
  <div>
    <p>
      Text Text Text 
      64
    </p>
  </div>
  <div>
    <p>
      Text Text Text 
      65
    </p>
  </div>
  <div>
    <p>
      Text Text Text 
      66
    </p>
  </div>
  <div>
    <p>
      Text Text Text 
      67
    </p>
  </div>
  <div>
    <p>
      Text Text Text 
      68
    </p>
  </div>
  <div>
    <p>
      Text Text Text 
      69
    </p>
  </div>
  <div>
    <p>
      Text Text Text 
      70
    </p>
  </div>
  <div>
    <p>
      Text Text Text 
      71
    </p>
  </div>
  <div>
    <p>
      Text Text Text 
      72
    </p>
  </div>
  <div>
    <p>
      Text Text Text 
      73
    </p>
  </div>
  <div>
    <p>
      Text Text Text 
      74
    </p>
  </div>
  <div>
    <p>
      Text Text Text 
      75
    </p>
  </div>
  <div>
    <p>
      Text Text Text 
      76
    </p>
  </div>
  <div>
    <p>
      Text Text Text 
      77
    </p>
  </div>
  <div>
    <p>
      Text Text Text 
      78
    </p>
  </div>
  <div>
    <p>
      Text Text Text 
      79
    </p>
  </div>
  <div>
    <p>
      Text Text Text 
      80
    </p>
  </div>
  <div>
    <p>
      Text Text Text 
      81
    </p>
  </div>
  <div>
    <p>
      Text Text Text 
      82
    </p>
  </div>
  <div>
    <p>
      Text Text Text 
      83
    </p>
  </div>
  <div>
    <p>
      Text Text Text 
      84
    </p>
  </div>
  <div>
    <p>
      Text Text Text 
      85
    </p>
  </div>
  <div>
    <p>
      Text Text Text 
      86
    </p>
  </div>
  <div>
    <p>
      Text Text Text 
      87
    </p>
  </div>
  <div>
    <p>
      Text Text Text 
      88
    </p>
  </div>
  <div>
    <p>
      Text Text Text 
      89
    </p>
  </div>
  <div>
    <p>
      Text Text Text 
      90
    </p>
  </div>
  <div>
    <p>
      Text Text Text 
      91
    </p>
  </div>
  <div>
    <p>
      Text Text Text 
      92
    </p>
  </div>
  <div>
    <p>
      Text Text Text 
      93
    </p>
  </div>
  <div>
    <p>
      Text Text Text 
      94
    </p>
  </div>
  <div>
    <p>
      Text Text Text 
      95
    </p>
  </div>
  <div>
    <p>
      Text Text Text 
      96
    </p>
  </div>
  <div>
    <p>
      Text Text Text 
      97
    </p>
  </div>
  <div>
    <p>
      Text Text Text 
      98
    </p>
  </div>
  <div>
    <p>
      Text Text Text 
      99
    </p>
  </div>
  <div>
    <p>
      Text Text Text 
      100
    </p>
  </div>
  <div>
    <p>
      Text Text Text 
      101
    </p>
  </div>
  <div>
    <p>
      Text Text Text 
      102
    </p>
  </div>
  <div>
    <p>
      Text Text Text 
      103
    </p>
  </div>
  <div>
    <p>
      Text Text Text 
      104
    </p>
  </div>
  <div>
    <p>
      Text Text Text 
      105
    </p>
  </div>
  <div>
    <p>
      Text Text Text 
      106
    </p>
  </div>
  <div>
    <p>
      Text Text Text 
      107
    </p>
  </div>
  <div>
    <p>
      Text Text Text 
      108
    </p>
  </div>
  <div>
    <p>
      Text Text Text 
      109
    </p>
  </div>
  <div>
    <p>
      Text Text Text 
      110
    </p>
  </div>
  <div>
    <p>
      Text Text Text 
      111
    </p>
  </div>
  <div>
    <p>
      Text Text Text 
      112
    </p>
  </div>
  <div>
    <p>
      Text Text Text 
      113
    </p>
  </div>
  <div>
    <p>
      Text Text Text 
      114
    </p>
  </div>
  <div>
    <p>
      Text Text Text 
      115
    </p>
  </div>
  <div>
    <p>
      Text Text Text 
      116
    </p>
  </div>
  <div>
    <p>
      Text Text Text 
      117
    </p>
  </div>
  <div>
    <p>
      Text Text Text 
      118
    </p>
  </div>
  <div>
    <p>
      Text Text Text 
      119
    </p>
  </div>
  <div>
    <p>
      Text Text Text 
      120
    </p>
  </div>
  <div>
    <p>
      Text Text Text 
      121
    </p>
  </div>
  <div>
    <p>
      Text Text Text 
      122
    </p>
  </div>
  <div>
    <p>
      Text Text Text 
      123
    </p>
  </div>
  <div>
    <p>
      Text Text Text 
      124
    </p>
  </div>
  <div>
    <p>
      Text Text Text 
      125
    </p>
  </div>
  <div>
    <p>
      Text Text Text 
      126
    </p>
  </div>
  <div>
    <p>
      Text Text Text 
      127
    </p>
  </div>
  <div>
    <p>
      Text Text Text 
      128
    </p>
  </div>
  <div>
    <p>
      Text Text Text 
      129
    </p>
  </div>
  <div>
    <p>
      Text Text Text 
      130
    </p>
  </div>
  <div>
    <p>
      Text Text Text 
      131
    </p>
  </div>
  <div>
    <p>
      Text Text Text 
      132
    </p>
  </div>
  <div>
    <p>
      Text Text Text 
      133
    </p>
  </div>
  <div>
    <p>
      Text Text Text 
      134
    </p>
  </div>
  <div>
    <p>
      Text Text Text 
      135
    </p>
  </div>
  <div>
    <p>
      Text Text Text 
      136
    </p>
  </div>
  <div>
    <p>
      Text Text Text 
      137
    </p>
  </div>
  <div>
    <p>
      Text Text Text 
      138
    </p>
  </div>
  <div>
    <p>
      Text Text Text 
      139
    </p>
  </div>
  <div>
    <p>
      Text Text Text 
      140
    </p>
  </div>
  <div>
    <p>
      Text Text Text 
      141
    </p>
  </div>
  <div>
    <p>
      Text Text Text 
      142
    </p>
  </div>
  <div>
    <p>
      Text Text Text 
      143
    </p>
  </div>
  <div>
    <p>
      Text Text Text 
      144
    </p>
  </div>
  <div>
    <p>
      Text Text Text 
      145
    </p>
  </div>
  <div>
    <p>
      Text Text Text 
      146
    </p>
  </div>
  <div>
    <p>
      Text Text Text 
      147
    </p>
  </div>
  <div>
    <p>
      Text Text Text 
      148
    </p>
  </div>
  <div>
    <p>
      Text Text Text 
      149
    </p>
  </div>
  <div>
    <p>
      Text Text Text 
      150
    </p>
  </div>
  <div>
    <p>
      Text Text Text 
      151
    </p>
  </div>
  <div>
    <p>
      Text Text Text 
      152
    </p>
  </div>
  <div>
    <p>
      Text Text Text 
      153
    </p>
  </div>
  <div>
    <p>
      Text Text Text 
      154
    </p>
  </div>
  <div>
    <p>
      Text Text Text 
      155
    </p>
  </div>
  <div>
    <p>
      Text Text Text 
      156
    </p>
  </div>
  <div>
    <p>
      Text Text Text 
      157
    </p>
  </div>
  <div>
    <p>
      Text Text Text 
      158
    </p>
  </div>
  <div>
    <p>
      Text Text Text 
      159
    </p>
  </div>
  <div>
    <p>
      Text Text Text 
      160
    </p>
  </div>
  <div>
    <p>
      Text Text Text 
      161
    </p>
  </div>
  <div>
    <p>
      Text Text Text 
      162
    </p>
  </div>
  <div>
    <p>
      Text Text Text 
      163
    </p>
  </div>
  <div>
    <p>
      Text Text Text 
      164
    </p>
  </div>
  <div>
    <p>
      Text Text Text 
      165
    </p>
  </div>
  <div>
    <p>
      Text Text Text 
      166
    </p>
  </div>
  <div>
    <p>
      Text Text Text 
      167
    </p>
  </div>
  <div>
    <p>
      Text Text Text 
      168
    </p>
  </div>
  <div>
    <p>
      Text Text Text 
      169
    </p>
  </div>
  <div>
    <p>
      Text Text Text 
      170
    </p>
  </div>
  <div>
    <p>
      Text Text Text 
      171
    </p>
  </div>
  <div>
    <p>
      Text Text Text 
      172
    </p>
  </div>
  <div>
    <p>
      Text Text Text 
      173
    </p>
  </div>
  <div>
    <p>
      Text Text Text 
      174
    </p>
  </div>
  <div>
    <p>
      Text Text Text 
      175
    </p>
  </div>
  <div>
    <p>
      Text Text Text 
      176
    </p>
  </div>
  <div>
    <p>
      Text Text Text 
      177
    </p>
  </div>
  <div>
    <p>
      Text Text Text 
      178
    </p>
  </div>
  <div>
    <p>
      Text Text Text 
      179
    </p>
  </div>
  <div>
    <p>
      Text Text Text 
      180
    </p>
  </div>
  <div>
    <p>
      Text Text Text 
      181
    </p>
  </div>
  <div>
    <p>
      Text Text Text 
      182
    </p>
  </div>
  <div>
    <p>
      Text Text Text 
      183
    </p>
  </div>
  <div>
    <p>
      Text Text Text 
      184
    </p>
  </div>
  <div>
    <p>
      Text Text Text 
      185
    </p>
  </div>
  <div>
    <p>
      Text Text Text 
      186
    </p>
  </div>
  <div>
    <p>
      Text Text Text 
      187
    </p>
  </div>
  <div>
    <p>
      Text Text Text 
      188
    </p>
  </div>
  <div>
    <p>
      Text Text Text 
      189
    </p>
  </div>
  <div>
    <p>
      Text Text Text 
      190
    </p>
  </div>
  <div>
    <p>
      Text Text Text 
      191
    </p>
  </div>
  <div>
    <p>
      Text Text Text 
      192
    </p>
  </div>
  <div>
    <p>
      Text Text Text 
      193
    </p>
  </div>
  <div>
    <p>
      Text Text Text 
      194
    </p>
  </div>
  <div>
    <p>
      Text Text Text 
      195
    </p>
  </div>
  <div>
    <p>
      Text Text Text 
      196
    </p>
  </div>
  <div>
    <p>
      Text Text Text 
      197
    </p>
  </div>
  <div>
    <p>
      Text Text Text 
      198
    </p>
  </div>
  <div>
    <p>
      Text Text Text 
      199
    </p>
  </div>
</div>
`;

exports[`Storyshots Scroll with behavior smooth 1`] = `
<div
  style={
    Object {
      "overflow": "scroll",
    }
  }
>
  <div>
    <p>
      Text Text Text 
      0
    </p>
  </div>
  <div>
    <p>
      Text Text Text 
      1
    </p>
  </div>
  <div>
    <p>
      Text Text Text 
      2
    </p>
  </div>
  <div>
    <p>
      Text Text Text 
      3
    </p>
  </div>
  <div>
    <p>
      Text Text Text 
      4
    </p>
  </div>
  <div>
    <p>
      Text Text Text 
      5
    </p>
  </div>
  <div>
    <p>
      Text Text Text 
      6
    </p>
  </div>
  <div>
    <p>
      Text Text Text 
      7
    </p>
  </div>
  <div>
    <p>
      Text Text Text 
      8
    </p>
  </div>
  <div>
    <p>
      Text Text Text 
      9
    </p>
  </div>
  <div>
    <p>
      Text Text Text 
      10
    </p>
  </div>
  <div>
    <p>
      Text Text Text 
      11
    </p>
  </div>
  <div>
    <p>
      Text Text Text 
      12
    </p>
  </div>
  <div>
    <p>
      Text Text Text 
      13
    </p>
  </div>
  <div>
    <p>
      Text Text Text 
      14
    </p>
  </div>
  <div>
    <p>
      Text Text Text 
      15
    </p>
  </div>
  <div>
    <p>
      Text Text Text 
      16
    </p>
  </div>
  <div>
    <p>
      Text Text Text 
      17
    </p>
  </div>
  <div>
    <p>
      Text Text Text 
      18
    </p>
  </div>
  <div>
    <p>
      Text Text Text 
      19
    </p>
  </div>
  <div>
    <p>
      Text Text Text 
      20
    </p>
  </div>
  <div>
    <p>
      Text Text Text 
      21
    </p>
  </div>
  <div>
    <p>
      Text Text Text 
      22
    </p>
  </div>
  <div>
    <p>
      Text Text Text 
      23
    </p>
  </div>
  <div>
    <p>
      Text Text Text 
      24
    </p>
  </div>
  <div>
    <p>
      Text Text Text 
      25
    </p>
  </div>
  <div>
    <p>
      Text Text Text 
      26
    </p>
  </div>
  <div>
    <p>
      Text Text Text 
      27
    </p>
  </div>
  <div>
    <p>
      Text Text Text 
      28
    </p>
  </div>
  <div>
    <p>
      Text Text Text 
      29
    </p>
  </div>
  <div>
    <p>
      Text Text Text 
      30
    </p>
  </div>
  <div>
    <p>
      Text Text Text 
      31
    </p>
  </div>
  <div>
    <p>
      Text Text Text 
      32
    </p>
  </div>
  <div>
    <p>
      Text Text Text 
      33
    </p>
  </div>
  <div>
    <p>
      Text Text Text 
      34
    </p>
  </div>
  <div>
    <p>
      Text Text Text 
      35
    </p>
  </div>
  <div>
    <p>
      Text Text Text 
      36
    </p>
  </div>
  <div>
    <p>
      Text Text Text 
      37
    </p>
  </div>
  <div>
    <p>
      Text Text Text 
      38
    </p>
  </div>
  <div>
    <p>
      Text Text Text 
      39
    </p>
  </div>
  <div>
    <p>
      Text Text Text 
      40
    </p>
  </div>
  <div>
    <p>
      Text Text Text 
      41
    </p>
  </div>
  <div>
    <p>
      Text Text Text 
      42
    </p>
  </div>
  <div>
    <p>
      Text Text Text 
      43
    </p>
  </div>
  <div>
    <p>
      Text Text Text 
      44
    </p>
  </div>
  <div>
    <p>
      Text Text Text 
      45
    </p>
  </div>
  <div>
    <p>
      Text Text Text 
      46
    </p>
  </div>
  <div>
    <p>
      Text Text Text 
      47
    </p>
  </div>
  <div>
    <p>
      Text Text Text 
      48
    </p>
  </div>
  <div>
    <p>
      Text Text Text 
      49
    </p>
  </div>
  <div>
    <p>
      Text Text Text 
      50
    </p>
  </div>
  <div>
    <p>
      Text Text Text 
      51
    </p>
  </div>
  <div>
    <p>
      Text Text Text 
      52
    </p>
  </div>
  <div>
    <p>
      Text Text Text 
      53
    </p>
  </div>
  <div>
    <p>
      Text Text Text 
      54
    </p>
  </div>
  <div>
    <p>
      Text Text Text 
      55
    </p>
  </div>
  <div>
    <p>
      Text Text Text 
      56
    </p>
  </div>
  <div>
    <p>
      Text Text Text 
      57
    </p>
  </div>
  <div>
    <p>
      Text Text Text 
      58
    </p>
  </div>
  <div>
    <p>
      Text Text Text 
      59
    </p>
  </div>
  <div>
    <p>
      Text Text Text 
      60
    </p>
  </div>
  <div>
    <p>
      Text Text Text 
      61
    </p>
  </div>
  <div>
    <p>
      Text Text Text 
      62
    </p>
  </div>
  <div>
    <p>
      Text Text Text 
      63
    </p>
  </div>
  <div>
    <p>
      Text Text Text 
      64
    </p>
  </div>
  <div>
    <p>
      Text Text Text 
      65
    </p>
  </div>
  <div>
    <p>
      Text Text Text 
      66
    </p>
  </div>
  <div>
    <p>
      Text Text Text 
      67
    </p>
  </div>
  <div>
    <p>
      Text Text Text 
      68
    </p>
  </div>
  <div>
    <p>
      Text Text Text 
      69
    </p>
  </div>
  <div>
    <p>
      Text Text Text 
      70
    </p>
  </div>
  <div>
    <p>
      Text Text Text 
      71
    </p>
  </div>
  <div>
    <p>
      Text Text Text 
      72
    </p>
  </div>
  <div>
    <p>
      Text Text Text 
      73
    </p>
  </div>
  <div>
    <p>
      Text Text Text 
      74
    </p>
  </div>
  <div>
    <p>
      Text Text Text 
      75
    </p>
  </div>
  <div>
    <p>
      Text Text Text 
      76
    </p>
  </div>
  <div>
    <p>
      Text Text Text 
      77
    </p>
  </div>
  <div>
    <p>
      Text Text Text 
      78
    </p>
  </div>
  <div>
    <p>
      Text Text Text 
      79
    </p>
  </div>
  <div>
    <p>
      Text Text Text 
      80
    </p>
  </div>
  <div>
    <p>
      Text Text Text 
      81
    </p>
  </div>
  <div>
    <p>
      Text Text Text 
      82
    </p>
  </div>
  <div>
    <p>
      Text Text Text 
      83
    </p>
  </div>
  <div>
    <p>
      Text Text Text 
      84
    </p>
  </div>
  <div>
    <p>
      Text Text Text 
      85
    </p>
  </div>
  <div>
    <p>
      Text Text Text 
      86
    </p>
  </div>
  <div>
    <p>
      Text Text Text 
      87
    </p>
  </div>
  <div>
    <p>
      Text Text Text 
      88
    </p>
  </div>
  <div>
    <p>
      Text Text Text 
      89
    </p>
  </div>
  <div>
    <p>
      Text Text Text 
      90
    </p>
  </div>
  <div>
    <p>
      Text Text Text 
      91
    </p>
  </div>
  <div>
    <p>
      Text Text Text 
      92
    </p>
  </div>
  <div>
    <p>
      Text Text Text 
      93
    </p>
  </div>
  <div>
    <p>
      Text Text Text 
      94
    </p>
  </div>
  <div>
    <p>
      Text Text Text 
      95
    </p>
  </div>
  <div>
    <p>
      Text Text Text 
      96
    </p>
  </div>
  <div>
    <p>
      Text Text Text 
      97
    </p>
  </div>
  <div>
    <p>
      Text Text Text 
      98
    </p>
  </div>
  <div>
    <p>
      Text Text Text 
      99
    </p>
  </div>
  <div>
    <p>
      Text Text Text 
      100
    </p>
  </div>
  <div>
    <p>
      Text Text Text 
      101
    </p>
  </div>
  <div>
    <p>
      Text Text Text 
      102
    </p>
  </div>
  <div>
    <p>
      Text Text Text 
      103
    </p>
  </div>
  <div>
    <p>
      Text Text Text 
      104
    </p>
  </div>
  <div>
    <p>
      Text Text Text 
      105
    </p>
  </div>
  <div>
    <p>
      Text Text Text 
      106
    </p>
  </div>
  <div>
    <p>
      Text Text Text 
      107
    </p>
  </div>
  <div>
    <p>
      Text Text Text 
      108
    </p>
  </div>
  <div>
    <p>
      Text Text Text 
      109
    </p>
  </div>
  <div>
    <p>
      Text Text Text 
      110
    </p>
  </div>
  <div>
    <p>
      Text Text Text 
      111
    </p>
  </div>
  <div>
    <p>
      Text Text Text 
      112
    </p>
  </div>
  <div>
    <p>
      Text Text Text 
      113
    </p>
  </div>
  <div>
    <p>
      Text Text Text 
      114
    </p>
  </div>
  <div>
    <p>
      Text Text Text 
      115
    </p>
  </div>
  <div>
    <p>
      Text Text Text 
      116
    </p>
  </div>
  <div>
    <p>
      Text Text Text 
      117
    </p>
  </div>
  <div>
    <p>
      Text Text Text 
      118
    </p>
  </div>
  <div>
    <p>
      Text Text Text 
      119
    </p>
  </div>
  <div>
    <p>
      Text Text Text 
      120
    </p>
  </div>
  <div>
    <p>
      Text Text Text 
      121
    </p>
  </div>
  <div>
    <p>
      Text Text Text 
      122
    </p>
  </div>
  <div>
    <p>
      Text Text Text 
      123
    </p>
  </div>
  <div>
    <p>
      Text Text Text 
      124
    </p>
  </div>
  <div>
    <p>
      Text Text Text 
      125
    </p>
  </div>
  <div>
    <p>
      Text Text Text 
      126
    </p>
  </div>
  <div>
    <p>
      Text Text Text 
      127
    </p>
  </div>
  <div>
    <p>
      Text Text Text 
      128
    </p>
  </div>
  <div>
    <p>
      Text Text Text 
      129
    </p>
  </div>
  <div>
    <p>
      Text Text Text 
      130
    </p>
  </div>
  <div>
    <p>
      Text Text Text 
      131
    </p>
  </div>
  <div>
    <p>
      Text Text Text 
      132
    </p>
  </div>
  <div>
    <p>
      Text Text Text 
      133
    </p>
  </div>
  <div>
    <p>
      Text Text Text 
      134
    </p>
  </div>
  <div>
    <p>
      Text Text Text 
      135
    </p>
  </div>
  <div>
    <p>
      Text Text Text 
      136
    </p>
  </div>
  <div>
    <p>
      Text Text Text 
      137
    </p>
  </div>
  <div>
    <p>
      Text Text Text 
      138
    </p>
  </div>
  <div>
    <p>
      Text Text Text 
      139
    </p>
  </div>
  <div>
    <p>
      Text Text Text 
      140
    </p>
  </div>
  <div>
    <p>
      Text Text Text 
      141
    </p>
  </div>
  <div>
    <p>
      Text Text Text 
      142
    </p>
  </div>
  <div>
    <p>
      Text Text Text 
      143
    </p>
  </div>
  <div>
    <p>
      Text Text Text 
      144
    </p>
  </div>
  <div>
    <p>
      Text Text Text 
      145
    </p>
  </div>
  <div>
    <p>
      Text Text Text 
      146
    </p>
  </div>
  <div>
    <p>
      Text Text Text 
      147
    </p>
  </div>
  <div>
    <p>
      Text Text Text 
      148
    </p>
  </div>
  <div>
    <p>
      Text Text Text 
      149
    </p>
  </div>
  <div>
    <p>
      Text Text Text 
      150
    </p>
  </div>
  <div>
    <p>
      Text Text Text 
      151
    </p>
  </div>
  <div>
    <p>
      Text Text Text 
      152
    </p>
  </div>
  <div>
    <p>
      Text Text Text 
      153
    </p>
  </div>
  <div>
    <p>
      Text Text Text 
      154
    </p>
  </div>
  <div>
    <p>
      Text Text Text 
      155
    </p>
  </div>
  <div>
    <p>
      Text Text Text 
      156
    </p>
  </div>
  <div>
    <p>
      Text Text Text 
      157
    </p>
  </div>
  <div>
    <p>
      Text Text Text 
      158
    </p>
  </div>
  <div>
    <p>
      Text Text Text 
      159
    </p>
  </div>
  <div>
    <p>
      Text Text Text 
      160
    </p>
  </div>
  <div>
    <p>
      Text Text Text 
      161
    </p>
  </div>
  <div>
    <p>
      Text Text Text 
      162
    </p>
  </div>
  <div>
    <p>
      Text Text Text 
      163
    </p>
  </div>
  <div>
    <p>
      Text Text Text 
      164
    </p>
  </div>
  <div>
    <p>
      Text Text Text 
      165
    </p>
  </div>
  <div>
    <p>
      Text Text Text 
      166
    </p>
  </div>
  <div>
    <p>
      Text Text Text 
      167
    </p>
  </div>
  <div>
    <p>
      Text Text Text 
      168
    </p>
  </div>
  <div>
    <p>
      Text Text Text 
      169
    </p>
  </div>
  <div>
    <p>
      Text Text Text 
      170
    </p>
  </div>
  <div>
    <p>
      Text Text Text 
      171
    </p>
  </div>
  <div>
    <p>
      Text Text Text 
      172
    </p>
  </div>
  <div>
    <p>
      Text Text Text 
      173
    </p>
  </div>
  <div>
    <p>
      Text Text Text 
      174
    </p>
  </div>
  <div>
    <p>
      Text Text Text 
      175
    </p>
  </div>
  <div>
    <p>
      Text Text Text 
      176
    </p>
  </div>
  <div>
    <p>
      Text Text Text 
      177
    </p>
  </div>
  <div>
    <p>
      Text Text Text 
      178
    </p>
  </div>
  <div>
    <p>
      Text Text Text 
      179
    </p>
  </div>
  <div>
    <p>
      Text Text Text 
      180
    </p>
  </div>
  <div>
    <p>
      Text Text Text 
      181
    </p>
  </div>
  <div>
    <p>
      Text Text Text 
      182
    </p>
  </div>
  <div>
    <p>
      Text Text Text 
      183
    </p>
  </div>
  <div>
    <p>
      Text Text Text 
      184
    </p>
  </div>
  <div>
    <p>
      Text Text Text 
      185
    </p>
  </div>
  <div>
    <p>
      Text Text Text 
      186
    </p>
  </div>
  <div>
    <p>
      Text Text Text 
      187
    </p>
  </div>
  <div>
    <p>
      Text Text Text 
      188
    </p>
  </div>
  <div>
    <p>
      Text Text Text 
      189
    </p>
  </div>
  <div>
    <p>
      Text Text Text 
      190
    </p>
  </div>
  <div>
    <p>
      Text Text Text 
      191
    </p>
  </div>
  <div>
    <p>
      Text Text Text 
      192
    </p>
  </div>
  <div>
    <p>
      Text Text Text 
      193
    </p>
  </div>
  <div>
    <p>
      Text Text Text 
      194
    </p>
  </div>
  <div>
    <p>
      Text Text Text 
      195
    </p>
  </div>
  <div>
    <p>
      Text Text Text 
      196
    </p>
  </div>
  <div>
    <p>
      Text Text Text 
      197
    </p>
  </div>
  <div>
    <p>
      Text Text Text 
      198
    </p>
  </div>
  <div>
    <p>
      Text Text Text 
      199
    </p>
  </div>
</div>
`;
